/opt/buildtools/python-3.12.9/lib/python3.12/site-packages/torch_npu/utils/_path_manager.py:66: UserWarning: Permission mismatch: The owner of /opt/buildtools/python-3.12.9/lib/python3.12/site-packages/torch_npu/lib/libop_plugin_atb.so does not match.
  warnings.warn(f"Permission mismatch: The owner of {path} does not match.")
device=npu | run=r2d variant=D m_list=[1, 2, 3, 4, 5, 6, 7, 8] n_train=6000 smoke=False
/mnt/workspace/gitCode/cann/low-sidelobe-multibeam/src/metasurf/train/losses.py:88: UserWarning: Cannot create tensor with interal format while allow_internel_format=False, tensor will be created with base format. (Triggered internally at ../torch_npu/csrc/aten/common/TensorFactories.cpp:340.)
  x = torch.where(sl, x, torch.full_like(x, -1e9))
[r2d] epoch   0 loss -20.3280 (sll -20.6137 dir 0.1633 dirh 0.0004 gain 0.0267 pat 0.3613 beam 0.0013 tau 1.0000) val_sll -12.80 dB best -12.80 g2 50.0 | 336.0s
[r2d] epoch  10 loss -22.6019 (sll -22.8778 dir 0.1592 dirh 0.0003 gain 0.0240 pat 0.6868 beam 0.0010 tau 0.9891) val_sll -14.70 dB best -14.70 g2 50.0 | 334.2s
[r2d] epoch  20 loss -23.1583 (sll -23.4657 dir 0.1821 dirh 0.0007 gain 0.0230 pat 0.8415 beam 0.0008 tau 0.9591) val_sll -14.43 dB best -15.19 g2 50.0 | 333.9s
[r2d] epoch  30 loss -23.2088 (sll -23.5379 dir 0.1899 dirh 0.0008 gain 0.0239 pat 0.9118 beam 0.0009 tau 0.9112) val_sll -15.32 dB best -15.70 g2 50.0 | 333.9s
[r2d] epoch  40 loss -23.3168 (sll -23.6839 dir 0.2156 dirh 0.0015 gain 0.0230 pat 0.9706 beam 0.0007 tau 0.8475) val_sll -16.06 dB best -16.53 g2 50.0 | 334.0s
[r2d] epoch  50 loss -23.2635 (sll -23.6019 dir 0.1968 dirh 0.0010 gain 0.0237 pat 1.0285 beam 0.0007 tau 0.7708) val_sll -17.09 dB best -17.09 g2 50.0 | 334.3s
[r2d] epoch  60 loss -23.1116 (sll -23.4626 dir 0.2090 dirh 0.0012 gain 0.0229 pat 1.0925 beam 0.0006 tau 0.6845) val_sll -17.45 dB best -17.45 g2 50.0 | 334.4s
[r2d] epoch  70 loss -22.7149 (sll -23.0784 dir 0.2128 dirh 0.0013 gain 0.0233 pat 1.1235 beam 0.0006 tau 0.5923) val_sll -17.76 dB best -17.76 g2 50.0 | 334.4s
[r2d] epoch  80 loss -22.2373 (sll -22.5786 dir 0.2015 dirh 0.0010 gain 0.0228 pat 1.1559 beam 0.0006 tau 0.4982) val_sll -17.59 dB best -17.76 g2 50.0 | 334.2s
[r2d] epoch  90 loss -21.6790 (sll -22.0397 dir 0.2113 dirh 0.0012 gain 0.0235 pat 1.1751 beam 0.0006 tau 0.4064) val_sll -17.90 dB best -17.91 g2 50.0 | 334.0s
[r2d] epoch 100 loss -21.0858 (sll -21.4586 dir 0.2201 dirh 0.0014 gain 0.0232 pat 1.1874 beam 0.0006 tau 0.3209) val_sll -17.94 dB best -17.96 g2 50.0 | 333.7s
[r2d] epoch 110 loss -20.5392 (sll -20.9082 dir 0.2189 dirh 0.0013 gain 0.0233 pat 1.1943 beam 0.0006 tau 0.2454) val_sll -18.02 dB best -18.06 g2 50.0 | 334.2s
[r2d] epoch 120 loss -20.0933 (sll -20.4454 dir 0.2089 dirh 0.0011 gain 0.0229 pat 1.2019 beam 0.0005 tau 0.1832) val_sll -18.03 dB best -18.07 g2 50.0 | 333.7s
[r2d] epoch 130 loss -19.6840 (sll -20.0277 dir 0.2044 dirh 0.0010 gain 0.0231 pat 1.2050 beam 0.0005 tau 0.1370) val_sll -18.11 dB best -18.12 g2 50.0 | 333.8s
[r2d] epoch 140 loss -19.4453 (sll -19.7948 dir 0.2084 dirh 0.0011 gain 0.0230 pat 1.2075 beam 0.0005 tau 0.1089) val_sll -18.10 dB best -18.14 g2 50.0 | 334.0s
[r2d] done: best val SLL -18.14 dB, 50132 s
