/opt/buildtools/python-3.12.9/lib/python3.12/site-packages/torch_npu/utils/_path_manager.py:66: UserWarning: Permission mismatch: The owner of /opt/buildtools/python-3.12.9/lib/python3.12/site-packages/torch_npu/lib/libop_plugin_atb.so does not match.
  warnings.warn(f"Permission mismatch: The owner of {path} does not match.")
device=npu | run=r1a_s variant=S m_list=[2] n_train=4000 smoke=False
/mnt/workspace/gitCode/cann/low-sidelobe-multibeam/src/metasurf/train/losses.py:83: UserWarning: Cannot create tensor with interal format while allow_internel_format=False, tensor will be created with base format. (Triggered internally at ../torch_npu/csrc/aten/common/TensorFactories.cpp:340.)
  x = torch.where(sl, x, torch.full_like(x, -1e9))
[r1a_s] epoch   0 loss -20.9118 (sll -21.0491 dir 0.0466 gain 0.0336 pat 0.5220 beam 0.0006 tau 1.0000) val_sll -14.86 dB best -14.86 g2 50.0 | 119.7s
[r1a_s] epoch  10 loss -25.2877 (sll -25.4817 dir 0.0544 gain 0.0393 pat 1.0917 beam 0.0009 tau 0.9892) val_sll -17.61 dB best -17.64 g2 50.0 | 118.3s
[r1a_s] epoch  20 loss -25.5070 (sll -25.7046 dir 0.0548 gain 0.0397 pat 1.1564 beam 0.0009 tau 0.9592) val_sll -18.08 dB best -18.11 g2 50.0 | 118.2s
[r1a_s] epoch  30 loss -25.4857 (sll -25.6912 dir 0.0571 gain 0.0414 pat 1.1922 beam 0.0009 tau 0.9113) val_sll -18.51 dB best -18.51 g2 50.0 | 118.1s
[r1a_s] epoch  40 loss -25.3177 (sll -25.5273 dir 0.0579 gain 0.0420 pat 1.2241 beam 0.0010 tau 0.8476) val_sll -18.42 dB best -18.67 g2 50.0 | 118.4s
[r1a_s] epoch  50 loss -25.0204 (sll -25.2328 dir 0.0583 gain 0.0423 pat 1.2540 beam 0.0010 tau 0.7709) val_sll -18.68 dB best -18.78 g2 50.0 | 118.2s
[r1a_s] epoch  60 loss -24.6615 (sll -24.8759 dir 0.0589 gain 0.0427 pat 1.2835 beam 0.0010 tau 0.6846) val_sll -18.89 dB best -18.89 g2 50.0 | 118.3s
[r1a_s] epoch  70 loss -24.1762 (sll -24.3889 dir 0.0590 gain 0.0428 pat 1.3057 beam 0.0009 tau 0.5924) val_sll -18.67 dB best -18.90 g2 50.0 | 118.3s
[r1a_s] epoch  80 loss -23.6511 (sll -23.8698 dir 0.0603 gain 0.0437 pat 1.3217 beam 0.0010 tau 0.4983) val_sll -18.97 dB best -18.98 g2 50.0 | 118.3s
[r1a_s] epoch  90 loss -23.1161 (sll -23.3358 dir 0.0607 gain 0.0441 pat 1.3311 beam 0.0010 tau 0.4065) val_sll -18.99 dB best -19.01 g2 50.0 | 118.3s
[r1a_s] epoch 100 loss -22.5657 (sll -22.7883 dir 0.0617 gain 0.0448 pat 1.3432 beam 0.0010 tau 0.3210) val_sll -19.04 dB best -19.04 g2 50.0 | 118.2s
[r1a_s] epoch 110 loss -22.0694 (sll -22.2858 dir 0.0606 gain 0.0440 pat 1.3499 beam 0.0009 tau 0.2454) val_sll -19.02 dB best -19.05 g2 50.0 | 118.2s
[r1a_s] epoch 120 loss -21.6165 (sll -21.8350 dir 0.0611 gain 0.0443 pat 1.3549 beam 0.0009 tau 0.1832) val_sll -19.07 dB best -19.07 g2 50.0 | 118.2s
[r1a_s] epoch 130 loss -21.2625 (sll -21.4825 dir 0.0616 gain 0.0447 pat 1.3544 beam 0.0009 tau 0.1370) val_sll -19.08 dB best -19.08 g2 50.0 | 118.3s
[r1a_s] epoch 140 loss -21.0314 (sll -21.2507 dir 0.0615 gain 0.0447 pat 1.3538 beam 0.0009 tau 0.1089) val_sll -19.07 dB best -19.08 g2 50.0 | 118.2s
[r1a_s] done: best val SLL -19.08 dB, 17743 s
